<?xml version="1.0" encoding="UTF-8"?>
<testsuites name="jest tests" tests="4" failures="0" errors="0" time="1.815">
  <testsuite name="undefined" errors="0" failures="0" skipped="0" timestamp="2023-10-13T17:59:34" time="1.792" tests="4">
    <testcase classname=" No changes should be approved" name=" No changes should be approved" time="0.068">
    </testcase>
    <testcase classname=" Changes only to README should be approved" name=" Changes only to README should be approved" time="0.484">
    </testcase>
    <testcase classname=" Changes to non-README files should be rejected" name=" Changes to non-README files should be rejected" time="0.308">
    </testcase>
    <testcase classname=" Change containing more than one file should be rejected" name=" Change containing more than one file should be rejected" time="0.201">
    </testcase>
  </testsuite>
</testsuites>